******************************************************************************
            TI ARM Clang Linker PC v5.1.1                      
******************************************************************************
>> Linked Thu Jul  2 16:38:00 2026

OUTPUT FILE NAME:   <project_0_test.out>
ENTRY POINT SYMBOL: "_c_int00_noinit_noargs"  address: 00000115


MEMORY CONFIGURATION

         name            origin    length      used     unused   attr    fill
----------------------  --------  ---------  --------  --------  ----  --------
  RAM                   00000020   ffffffe0  0000092e  fffff6b2  RWIX


SEGMENT ALLOCATION MAP

run origin  load origin   length   init length attrs members
----------  ----------- ---------- ----------- ----- -------
00000020    00000020    0000012e   0000012e    r-x
  00000020    00000020    0000012e   0000012e    r-x .text
00000150    00000150    00000800   00000000    rw-
  00000150    00000150    00000800   00000000    rw- .stack


SECTION ALLOCATION MAP

 output                                  attributes/
section   page    origin      length       input sections
--------  ----  ----------  ----------   ----------------
.text      0    00000020    0000012e     
                  00000020    000000f2     main.o (.text.main)
                  00000112    00000002     --HOLE-- [fill = 0]
                  00000114    0000002c     libc.a : boot_cortex_m.c.obj (.text:_c_int00_noinit_noargs)
                  00000140    00000006            : exit.c.obj (.text:abort)
                  00000146    00000004     libsysbm.a : hostexit.c.obj (.text.HOSTexit)
                  0000014a    00000004     libc.a : pre_init.c.obj (.text._system_pre_init)

.cinit     0    00000020    00000000     

.init_array 
*          0    00000020    00000000     UNINITIALIZED

__llvm_prf_cnts 
*          0    00000020    00000000     UNINITIALIZED

__llvm_prf_bits 
*          0    00000020    00000000     UNINITIALIZED

.stack     0    00000150    00000800     UNINITIALIZED
                  00000150    00000004     libc.a : boot_cortex_m.c.obj (.stack)
                  00000154    000007fc     --HOLE--

MODULE SUMMARY

       Module                code   ro data   rw data
       ------                ----   -------   -------
    .\
       main.o                242    0         0      
    +--+---------------------+------+---------+---------+
       Total:                242    0         0      
                                                     
    D:\ti\ccs2100\ccs\tools\compiler\ti-cgt-armllvm_5.1.1.LTS\lib\armv7em-ti-none-eabihf/c/libc.a
       boot_cortex_m.c.obj   44     0         0      
       exit.c.obj            6      0         0      
       pre_init.c.obj        4      0         0      
    +--+---------------------+------+---------+---------+
       Total:                54     0         0      
                                                     
    D:\ti\ccs2100\ccs\tools\compiler\ti-cgt-armllvm_5.1.1.LTS\lib\armv7em-ti-none-eabihf/c/libsysbm.a
       hostexit.c.obj        4      0         0      
    +--+---------------------+------+---------+---------+
       Total:                4      0         0      
                                                     
       Stack:                0      0         2048   
    +--+---------------------+------+---------+---------+
       Grand Total:          300    0         2048   


GLOBAL SYMBOLS: SORTED ALPHABETICALLY BY Name 

address   name                    
-------   ----                    
00000146  C$$EXIT                 
00000147  HOSTexit                
00000950  __STACK_END             
00000800  __STACK_SIZE            
00000000  __TI_ATRegion0_region_sz
00000000  __TI_ATRegion0_src_addr 
00000000  __TI_ATRegion0_trg_addr 
00000000  __TI_ATRegion1_region_sz
00000000  __TI_ATRegion1_src_addr 
00000000  __TI_ATRegion1_trg_addr 
00000000  __TI_ATRegion2_region_sz
00000000  __TI_ATRegion2_src_addr 
00000000  __TI_ATRegion2_trg_addr 
00000020  __TI_CINIT_Base         
00000020  __TI_CINIT_Limit        
00000020  __TI_CINIT_Warm         
ffffffff  __TI_pprof_out_hndl     
ffffffff  __TI_prof_data_size     
ffffffff  __TI_prof_data_start    
00000020  __TI_static_base__      
ffffffff  __binit__               
UNDEFED   __mpu_init              
00000150  __stack                 
00000020  __start___llvm_prf_bits 
00000020  __start___llvm_prf_cnts 
00000020  __stop___llvm_prf_bits  
00000020  __stop___llvm_prf_cnts  
00000115  _c_int00_noinit_noargs  
0000014b  _system_pre_init        
00000141  abort                   
ffffffff  binit                   
00000021  main                    


GLOBAL SYMBOLS: SORTED BY Symbol Address 

address   name                    
-------   ----                    
00000000  __TI_ATRegion0_region_sz
00000000  __TI_ATRegion0_src_addr 
00000000  __TI_ATRegion0_trg_addr 
00000000  __TI_ATRegion1_region_sz
00000000  __TI_ATRegion1_src_addr 
00000000  __TI_ATRegion1_trg_addr 
00000000  __TI_ATRegion2_region_sz
00000000  __TI_ATRegion2_src_addr 
00000000  __TI_ATRegion2_trg_addr 
00000020  __TI_CINIT_Base         
00000020  __TI_CINIT_Limit        
00000020  __TI_CINIT_Warm         
00000020  __TI_static_base__      
00000020  __start___llvm_prf_bits 
00000020  __start___llvm_prf_cnts 
00000020  __stop___llvm_prf_bits  
00000020  __stop___llvm_prf_cnts  
00000021  main                    
00000115  _c_int00_noinit_noargs  
00000141  abort                   
00000146  C$$EXIT                 
00000147  HOSTexit                
0000014b  _system_pre_init        
00000150  __stack                 
00000800  __STACK_SIZE            
00000950  __STACK_END             
ffffffff  __TI_pprof_out_hndl     
ffffffff  __TI_prof_data_size     
ffffffff  __TI_prof_data_start    
ffffffff  __binit__               
ffffffff  binit                   
UNDEFED   __mpu_init              

[32 symbols]
